__pycache__
ca
ca_ab
ca_ab_calgary
ca_ab_edmonton
ca_ab_grande_prairie
ca_ab_grande_prairie_county_no_1
ca_ab_lethbridge
ca_ab_strathcona_county
ca_ab_wood_buffalo
ca_bc
ca_bc_abbotsford
ca_bc_burnaby
ca_bc_coquitlam
ca_bc_kelowna
ca_bc_langley
ca_bc_langley_city
ca_bc_new_westminster
ca_bc_richmond
ca_bc_saanich
ca_bc_surrey
ca_bc_vancouver
ca_bc_victoria
ca_mb
ca_mb_winnipeg
ca_nb
ca_nb_fredericton
ca_nb_moncton
ca_nb_saint_john
ca_nl
ca_nl_st_john_s
ca_ns
ca_ns_cape_breton
ca_ns_halifax
ca_nt
ca_nu
ca_on
ca_on_ajax
ca_on_belleville
ca_on_brampton
ca_on_brantford
ca_on_burlington
ca_on_caledon
ca_on_cambridge
ca_on_chatham_kent
ca_on_clarington
ca_on_fort_erie
ca_on_georgina
ca_on_greater_sudbury
ca_on_grimsby
ca_on_guelph
ca_on_haldimand_county
ca_on_hamilton
ca_on_huron
ca_on_kawartha_lakes
ca_on_king
ca_on_kingston
ca_on_kitchener
ca_on_lambton
ca_on_lasalle
ca_on_lincoln
ca_on_london
ca_on_markham
ca_on_milton
ca_on_mississauga
ca_on_newmarket
ca_on_niagara
ca_on_niagara_on_the_lake
ca_on_north_dumfries
ca_on_oakville
ca_on_oshawa
ca_on_ottawa
ca_on_peel
ca_on_pickering
ca_on_richmond_hill
ca_on_sault_ste_marie
ca_on_st_catharines
ca_on_thunder_bay
ca_on_toronto
ca_on_uxbridge
ca_on_vaughan
ca_on_waterloo
ca_on_waterloo_region
ca_on_welland
ca_on_wellesley
ca_on_whitby
ca_on_whitchurch_stouffville
ca_on_wilmot
ca_on_windsor
ca_on_woolwich
ca_pe
ca_pe_charlottetown
ca_pe_stratford
ca_pe_summerside
ca_qc
ca_qc_beaconsfield
ca_qc_brossard
ca_qc_cote_saint_luc
ca_qc_dollard_des_ormeaux
ca_qc_dorval
ca_qc_gatineau
ca_qc_kirkland
ca_qc_laval
ca_qc_levis
ca_qc_longueuil
ca_qc_mercier
ca_qc_montreal
ca_qc_montreal_est
ca_qc_pointe_claire
ca_qc_quebec
ca_qc_saguenay
ca_qc_saint_jean_sur_richelieu
ca_qc_saint_jerome
ca_qc_sainte_anne_de_bellevue
ca_qc_senneville
ca_qc_sherbrooke
ca_qc_terrebonne
ca_qc_trois_rivieres
ca_qc_westmount
ca_sk
ca_sk_regina
ca_sk_saskatoon
ca_yt
disabled
docker
